kotlin version: 2.0.0
error message: org.jetbrains.kotlin.backend.common.BackendException: Backend Internal error: Exception during IR lowering
File being compiled: /home/ahad/AndroidStudioProjects/Toman3/toman/src/main/java/ir/ahad/toman/Toman.kt
The root cause java.lang.RuntimeException was thrown at: org.jetbrains.kotlin.backend.jvm.codegen.FunctionCodegen.generate(FunctionCodegen.kt:50)
	at org.jetbrains.kotlin.backend.common.CodegenUtil.reportBackendException(CodegenUtil.kt:253)
	at org.jetbrains.kotlin.backend.common.CodegenUtil.reportBackendException$default(CodegenUtil.kt:236)
	at org.jetbrains.kotlin.backend.common.phaser.PerformByIrFilePhase.invokeSequential(performByIrFile.kt:65)
	at org.jetbrains.kotlin.backend.common.phaser.PerformByIrFilePhase.invoke(performByIrFile.kt:52)
	at org.jetbrains.kotlin.backend.common.phaser.PerformByIrFilePhase.invoke(performByIrFile.kt:38)
	at org.jetbrains.kotlin.backend.common.phaser.NamedCompilerPhase.phaseBody(CompilerPhase.kt:166)
	at org.jetbrains.kotlin.backend.common.phaser.AbstractNamedCompilerPhase.invoke(CompilerPhase.kt:113)
	at org.jetbrains.kotlin.backend.common.phaser.CompositePhase.invoke(PhaseBuilders.kt:29)
	at org.jetbrains.kotlin.backend.common.phaser.CompositePhase.invoke(PhaseBuilders.kt:16)
	at org.jetbrains.kotlin.backend.common.phaser.NamedCompilerPhase.phaseBody(CompilerPhase.kt:166)
	at org.jetbrains.kotlin.backend.common.phaser.AbstractNamedCompilerPhase.invoke(CompilerPhase.kt:113)
	at org.jetbrains.kotlin.backend.common.phaser.CompilerPhaseKt.invokeToplevel(CompilerPhase.kt:62)
	at org.jetbrains.kotlin.backend.jvm.JvmIrCodegenFactory.invokeCodegen(JvmIrCodegenFactory.kt:371)
	at org.jetbrains.kotlin.codegen.CodegenFactory.generateModule(CodegenFactory.kt:47)
	at org.jetbrains.kotlin.backend.jvm.JvmIrCodegenFactory.generateModuleInFrontendIRMode(JvmIrCodegenFactory.kt:433)
	at org.jetbrains.kotlin.cli.jvm.compiler.pipeline.JvmCompilerPipelineKt.generateCodeFromIr(jvmCompilerPipeline.kt:241)
	at org.jetbrains.kotlin.cli.jvm.compiler.pipeline.JvmCompilerPipelineKt.compileModulesUsingFrontendIrAndLightTree(jvmCompilerPipeline.kt:140)
	at org.jetbrains.kotlin.cli.jvm.K2JVMCompiler.doExecute(K2JVMCompiler.kt:155)
	at org.jetbrains.kotlin.cli.jvm.K2JVMCompiler.doExecute(K2JVMCompiler.kt:50)
	at org.jetbrains.kotlin.cli.common.CLICompiler.execImpl(CLICompiler.kt:104)
	at org.jetbrains.kotlin.cli.common.CLICompiler.execImpl(CLICompiler.kt:48)
	at org.jetbrains.kotlin.cli.common.CLITool.exec(CLITool.kt:101)
	at org.jetbrains.kotlin.incremental.IncrementalJvmCompilerRunner.runCompiler(IncrementalJvmCompilerRunner.kt:453)
	at org.jetbrains.kotlin.incremental.IncrementalJvmCompilerRunner.runCompiler(IncrementalJvmCompilerRunner.kt:62)
	at org.jetbrains.kotlin.incremental.IncrementalCompilerRunner.doCompile(IncrementalCompilerRunner.kt:506)
	at org.jetbrains.kotlin.incremental.IncrementalCompilerRunner.compileImpl(IncrementalCompilerRunner.kt:423)
	at org.jetbrains.kotlin.incremental.IncrementalCompilerRunner.compileNonIncrementally(IncrementalCompilerRunner.kt:301)
	at org.jetbrains.kotlin.incremental.IncrementalCompilerRunner.compile(IncrementalCompilerRunner.kt:129)
	at org.jetbrains.kotlin.daemon.CompileServiceImplBase.execIncrementalCompiler(CompileServiceImpl.kt:676)
	at org.jetbrains.kotlin.daemon.CompileServiceImplBase.access$execIncrementalCompiler(CompileServiceImpl.kt:92)
	at org.jetbrains.kotlin.daemon.CompileServiceImpl.compile(CompileServiceImpl.kt:1661)
	at java.base/jdk.internal.reflect.DirectMethodHandleAccessor.invoke(Unknown Source)
	at java.base/java.lang.reflect.Method.invoke(Unknown Source)
	at java.rmi/sun.rmi.server.UnicastServerRef.dispatch(Unknown Source)
	at java.rmi/sun.rmi.transport.Transport$1.run(Unknown Source)
	at java.rmi/sun.rmi.transport.Transport$1.run(Unknown Source)
	at java.base/java.security.AccessController.doPrivileged(Unknown Source)
	at java.rmi/sun.rmi.transport.Transport.serviceCall(Unknown Source)
	at java.rmi/sun.rmi.transport.tcp.TCPTransport.handleMessages(Unknown Source)
	at java.rmi/sun.rmi.transport.tcp.TCPTransport$ConnectionHandler.run0(Unknown Source)
	at java.rmi/sun.rmi.transport.tcp.TCPTransport$ConnectionHandler.lambda$run$0(Unknown Source)
	at java.base/java.security.AccessController.doPrivileged(Unknown Source)
	at java.rmi/sun.rmi.transport.tcp.TCPTransport$ConnectionHandler.run(Unknown Source)
	at java.base/java.util.concurrent.ThreadPoolExecutor.runWorker(Unknown Source)
	at java.base/java.util.concurrent.ThreadPoolExecutor$Worker.run(Unknown Source)
	at java.base/java.lang.Thread.run(Unknown Source)
Caused by: java.lang.RuntimeException: Exception while generating code for:
FUN FUNCTION_FOR_DEFAULT_PARAMETER name:TomanTextField-Y9L9Kg4$default visibility:public modality:FINAL <> (value:kotlin.String, onValueChange:kotlin.Function1<kotlin.String, kotlin.Unit>, modifier:androidx.compose.ui.Modifier?, enabled:kotlin.Boolean, readOnly:kotlin.Boolean, textStyle:androidx.compose.ui.text.TextStyle?, label:@[Composable] kotlin.Function0<kotlin.Unit>?, placeholder:@[Composable] kotlin.Function0<kotlin.Unit>?, leadingIcon:@[Composable] kotlin.Function0<kotlin.Unit>?, trailingIcon:@[Composable] kotlin.Function0<kotlin.Unit>?, prefix:@[Composable] kotlin.Function0<kotlin.Unit>?, suffix:@[Composable] kotlin.Function0<kotlin.Unit>?, supportingText:@[Composable] kotlin.Function0<kotlin.Unit>?, isError:kotlin.Boolean, visualTransformation:androidx.compose.ui.text.input.VisualTransformation?, keyboardOptions:androidx.compose.foundation.text.KeyboardOptions?, keyboardActions:androidx.compose.foundation.text.KeyboardActions?, singleLine:kotlin.Boolean, maxLines:kotlin.Int, minLines:kotlin.Int, interactionSource:androidx.compose.foundation.interaction.MutableInteractionSource?, shape:androidx.compose.ui.graphics.Shape?, colors:androidx.compose.material3.TextFieldColors?, textModifier:androidx.compose.ui.Modifier?, textColor:androidx.compose.ui.graphics.Color, textFontSize:androidx.compose.ui.unit.TextUnit, textFontStyle:androidx.compose.ui.text.font.FontStyle?, textFontWeight:androidx.compose.ui.text.font.FontWeight?, textFontFamily:androidx.compose.ui.text.font.FontFamily?, textLetterSpacing:androidx.compose.ui.unit.TextUnit, textTextDecoration:androidx.compose.ui.text.style.TextDecoration?, textTextAlign:androidx.compose.ui.text.style.TextAlign?, textLineHeight:androidx.compose.ui.unit.TextUnit, textOverflow:androidx.compose.ui.text.style.TextOverflow, textSoftWrap:kotlin.Boolean, textMaxLines:kotlin.Int, textMinLines:kotlin.Int, textOnTextLayout:kotlin.Function1<androidx.compose.ui.text.TextLayoutResult, kotlin.Unit>?, textTextStyle:androidx.compose.ui.text.TextStyle?, columnModifier:androidx.compose.ui.Modifier?, columnRootVerticalArrangement:androidx.compose.foundation.layout.Arrangement.Vertical?, columnHorizontalAlignment:androidx.compose.ui.Alignment.Horizontal?, showTextOnlyOnFocus:kotlin.Boolean, $mask0:kotlin.Int, $mask1:kotlin.Int, $handler:kotlin.Any?) returnType:kotlin.Unit
  annotations:
    Composable
  VALUE_PARAMETER name:value index:0 type:kotlin.String
  VALUE_PARAMETER name:onValueChange index:1 type:kotlin.Function1<kotlin.String, kotlin.Unit>
  VALUE_PARAMETER name:modifier index:2 type:androidx.compose.ui.Modifier? [assignable]
    EXPRESSION_BODY
      ERROR_EXPR 'Default Stub' type=androidx.compose.ui.Modifier
  VALUE_PARAMETER name:enabled index:3 type:kotlin.Boolean [assignable]
    EXPRESSION_BODY
      ERROR_EXPR 'Default Stub' type=kotlin.Boolean
  VALUE_PARAMETER name:readOnly index:4 type:kotlin.Boolean [assignable]
    EXPRESSION_BODY
      ERROR_EXPR 'Default Stub' type=kotlin.Boolean
  VALUE_PARAMETER name:textStyle index:5 type:androidx.compose.ui.text.TextStyle? [assignable]
    EXPRESSION_BODY
      ERROR_EXPR 'Default Stub' type=androidx.compose.ui.text.TextStyle
  VALUE_PARAMETER name:label index:6 type:@[Composable] kotlin.Function0<kotlin.Unit>? [assignable]
    EXPRESSION_BODY
      ERROR_EXPR 'Default Stub' type=@[Composable] kotlin.Function0<kotlin.Unit>?
  VALUE_PARAMETER name:placeholder index:7 type:@[Composable] kotlin.Function0<kotlin.Unit>? [assignable]
    EXPRESSION_BODY
      ERROR_EXPR 'Default Stub' type=@[Composable] kotlin.Function0<kotlin.Unit>?
  VALUE_PARAMETER name:leadingIcon index:8 type:@[Composable] kotlin.Function0<kotlin.Unit>? [assignable]
    EXPRESSION_BODY
      ERROR_EXPR 'Default Stub' type=@[Composable] kotlin.Function0<kotlin.Unit>?
  VALUE_PARAMETER name:trailingIcon index:9 type:@[Composable] kotlin.Function0<kotlin.Unit>? [assignable]
    EXPRESSION_BODY
      ERROR_EXPR 'Default Stub' type=@[Composable] kotlin.Function0<kotlin.Unit>?
  VALUE_PARAMETER name:prefix index:10 type:@[Composable] kotlin.Function0<kotlin.Unit>? [assignable]
    EXPRESSION_BODY
      ERROR_EXPR 'Default Stub' type=@[Composable] kotlin.Function0<kotlin.Unit>?
  VALUE_PARAMETER name:suffix index:11 type:@[Composable] kotlin.Function0<kotlin.Unit>? [assignable]
    EXPRESSION_BODY
      ERROR_EXPR 'Default Stub' type=@[Composable] kotlin.Function0<kotlin.Unit>?
  VALUE_PARAMETER name:supportingText index:12 type:@[Composable] kotlin.Function0<kotlin.Unit>? [assignable]
    EXPRESSION_BODY
      ERROR_EXPR 'Default Stub' type=@[Composable] kotlin.Function0<kotlin.Unit>?
  VALUE_PARAMETER name:isError index:13 type:kotlin.Boolean [assignable]
    EXPRESSION_BODY
      ERROR_EXPR 'Default Stub' type=kotlin.Boolean
  VALUE_PARAMETER name:visualTransformation index:14 type:androidx.compose.ui.text.input.VisualTransformation? [assignable]
    EXPRESSION_BODY
      ERROR_EXPR 'Default Stub' type=androidx.compose.ui.text.input.VisualTransformation
  VALUE_PARAMETER name:keyboardOptions index:15 type:androidx.compose.foundation.text.KeyboardOptions? [assignable]
    EXPRESSION_BODY
      ERROR_EXPR 'Default Stub' type=androidx.compose.foundation.text.KeyboardOptions
  VALUE_PARAMETER name:keyboardActions index:16 type:androidx.compose.foundation.text.KeyboardActions? [assignable]
    EXPRESSION_BODY
      ERROR_EXPR 'Default Stub' type=androidx.compose.foundation.text.KeyboardActions
  VALUE_PARAMETER name:singleLine index:17 type:kotlin.Boolean [assignable]
    EXPRESSION_BODY
      ERROR_EXPR 'Default Stub' type=kotlin.Boolean
  VALUE_PARAMETER name:maxLines index:18 type:kotlin.Int [assignable]
    EXPRESSION_BODY
      ERROR_EXPR 'Default Stub' type=kotlin.Int
  VALUE_PARAMETER name:minLines index:19 type:kotlin.Int [assignable]
    EXPRESSION_BODY
      ERROR_EXPR 'Default Stub' type=kotlin.Int
  VALUE_PARAMETER name:interactionSource index:20 type:androidx.compose.foundation.interaction.MutableInteractionSource? [assignable]
    EXPRESSION_BODY
      ERROR_EXPR 'Default Stub' type=androidx.compose.foundation.interaction.MutableInteractionSource
  VALUE_PARAMETER name:shape index:21 type:androidx.compose.ui.graphics.Shape? [assignable]
    EXPRESSION_BODY
      ERROR_EXPR 'Default Stub' type=androidx.compose.ui.graphics.Shape
  VALUE_PARAMETER name:colors index:22 type:androidx.compose.material3.TextFieldColors? [assignable]
    EXPRESSION_BODY
      ERROR_EXPR 'Default Stub' type=androidx.compose.material3.TextFieldColors
  VALUE_PARAMETER name:textModifier index:23 type:androidx.compose.ui.Modifier? [assignable]
    EXPRESSION_BODY
      ERROR_EXPR 'Default Stub' type=androidx.compose.ui.Modifier
  VALUE_PARAMETER name:textColor index:24 type:androidx.compose.ui.graphics.Color [assignable]
    EXPRESSION_BODY
      ERROR_EXPR 'Default Stub' type=androidx.compose.ui.graphics.Color
  VALUE_PARAMETER name:textFontSize index:25 type:androidx.compose.ui.unit.TextUnit [assignable]
    EXPRESSION_BODY
      ERROR_EXPR 'Default Stub' type=androidx.compose.ui.unit.TextUnit
  VALUE_PARAMETER name:textFontStyle index:26 type:androidx.compose.ui.text.font.FontStyle? [assignable]
    EXPRESSION_BODY
      ERROR_EXPR 'Default Stub' type=androidx.compose.ui.text.font.FontStyle?
  VALUE_PARAMETER name:textFontWeight index:27 type:androidx.compose.ui.text.font.FontWeight? [assignable]
    EXPRESSION_BODY
      ERROR_EXPR 'Default Stub' type=androidx.compose.ui.text.font.FontWeight?
  VALUE_PARAMETER name:textFontFamily index:28 type:androidx.compose.ui.text.font.FontFamily? [assignable]
    EXPRESSION_BODY
      ERROR_EXPR 'Default Stub' type=androidx.compose.ui.text.font.FontFamily?
  VALUE_PARAMETER name:textLetterSpacing index:29 type:androidx.compose.ui.unit.TextUnit [assignable]
    EXPRESSION_BODY
      ERROR_EXPR 'Default Stub' type=androidx.compose.ui.unit.TextUnit
  VALUE_PARAMETER name:textTextDecoration index:30 type:androidx.compose.ui.text.style.TextDecoration? [assignable]
    EXPRESSION_BODY
      ERROR_EXPR 'Default Stub' type=androidx.compose.ui.text.style.TextDecoration?
  VALUE_PARAMETER name:textTextAlign index:31 type:androidx.compose.ui.text.style.TextAlign? [assignable]
    EXPRESSION_BODY
      ERROR_EXPR 'Default Stub' type=androidx.compose.ui.text.style.TextAlign?
  VALUE_PARAMETER name:textLineHeight index:32 type:androidx.compose.ui.unit.TextUnit [assignable]
    EXPRESSION_BODY
      ERROR_EXPR 'Default Stub' type=androidx.compose.ui.unit.TextUnit
  VALUE_PARAMETER name:textOverflow index:33 type:androidx.compose.ui.text.style.TextOverflow [assignable]
    EXPRESSION_BODY
      ERROR_EXPR 'Default Stub' type=androidx.compose.ui.text.style.TextOverflow
  VALUE_PARAMETER name:textSoftWrap index:34 type:kotlin.Boolean [assignable]
    EXPRESSION_BODY
      ERROR_EXPR 'Default Stub' type=kotlin.Boolean
  VALUE_PARAMETER name:textMaxLines index:35 type:kotlin.Int [assignable]
    EXPRESSION_BODY
      ERROR_EXPR 'Default Stub' type=kotlin.Int
  VALUE_PARAMETER name:textMinLines index:36 type:kotlin.Int [assignable]
    EXPRESSION_BODY
      ERROR_EXPR 'Default Stub' type=kotlin.Int
  VALUE_PARAMETER name:textOnTextLayout index:37 type:kotlin.Function1<androidx.compose.ui.text.TextLayoutResult, kotlin.Unit>? [assignable]
    EXPRESSION_BODY
      ERROR_EXPR 'Default Stub' type=kotlin.Function1<androidx.compose.ui.text.TextLayoutResult, kotlin.Unit>?
  VALUE_PARAMETER name:textTextStyle index:38 type:androidx.compose.ui.text.TextStyle? [assignable]
    EXPRESSION_BODY
      ERROR_EXPR 'Default Stub' type=androidx.compose.ui.text.TextStyle
  VALUE_PARAMETER name:columnModifier index:39 type:androidx.compose.ui.Modifier? [assignable]
    EXPRESSION_BODY
      ERROR_EXPR 'Default Stub' type=androidx.compose.ui.Modifier
  VALUE_PARAMETER name:columnRootVerticalArrangement index:40 type:androidx.compose.foundation.layout.Arrangement.Vertical? [assignable]
    EXPRESSION_BODY
      ERROR_EXPR 'Default Stub' type=androidx.compose.foundation.layout.Arrangement.Vertical
  VALUE_PARAMETER name:columnHorizontalAlignment index:41 type:androidx.compose.ui.Alignment.Horizontal? [assignable]
    EXPRESSION_BODY
      ERROR_EXPR 'Default Stub' type=androidx.compose.ui.Alignment.Horizontal
  VALUE_PARAMETER name:showTextOnlyOnFocus index:42 type:kotlin.Boolean [assignable]
    EXPRESSION_BODY
      ERROR_EXPR 'Default Stub' type=kotlin.Boolean
  VALUE_PARAMETER MASK_FOR_DEFAULT_FUNCTION name:$mask0 index:43 type:kotlin.Int
  VALUE_PARAMETER MASK_FOR_DEFAULT_FUNCTION name:$mask1 index:44 type:kotlin.Int
  VALUE_PARAMETER METHOD_HANDLER_IN_DEFAULT_FUNCTION name:$handler index:45 type:kotlin.Any?
  BLOCK_BODY
    WHEN type=kotlin.Unit origin=null
      BRANCH
        if: CALL 'public final fun not (): kotlin.Boolean [operator] declared in kotlin.Boolean' type=kotlin.Boolean origin=EXCLEQ
          $this: CALL 'public final fun EQEQ (arg0: kotlin.Any?, arg1: kotlin.Any?): kotlin.Boolean declared in kotlin.internal.ir' type=kotlin.Boolean origin=EXCLEQ
            arg0: CALL 'public final fun and (other: kotlin.Int): kotlin.Int [infix] declared in kotlin.Int' type=kotlin.Int origin=null
              $this: GET_VAR '$mask0: kotlin.Int declared in ir.ahad.toman.TomanKt.TomanTextField-Y9L9Kg4$default' type=kotlin.Int origin=null
              other: CONST Int type=kotlin.Int value=4
            arg1: CONST Int type=kotlin.Int value=0
        then: SET_VAR 'modifier: androidx.compose.ui.Modifier? [assignable] declared in ir.ahad.toman.TomanKt.TomanTextField-Y9L9Kg4$default' type=kotlin.Unit origin=EQ
          GET_FIELD 'FIELD FIELD_FOR_OBJECT_INSTANCE name:Companion type:androidx.compose.ui.Modifier.Companion visibility:public [final,static]' type=androidx.compose.ui.Modifier.Companion origin=null
    WHEN type=kotlin.Unit origin=null
      BRANCH
        if: CALL 'public final fun not (): kotlin.Boolean [operator] declared in kotlin.Boolean' type=kotlin.Boolean origin=EXCLEQ
          $this: CALL 'public final fun EQEQ (arg0: kotlin.Any?, arg1: kotlin.Any?): kotlin.Boolean declared in kotlin.internal.ir' type=kotlin.Boolean origin=EXCLEQ
            arg0: CALL 'public final fun and (other: kotlin.Int): kotlin.Int [infix] declared in kotlin.Int' type=kotlin.Int origin=null
              $this: GET_VAR '$mask0: kotlin.Int declared in ir.ahad.toman.TomanKt.TomanTextField-Y9L9Kg4$default' type=kotlin.Int origin=null
              other: CONST Int type=kotlin.Int value=8
            arg1: CONST Int type=kotlin.Int value=0
        then: SET_VAR 'enabled: kotlin.Boolean [assignable] declared in ir.ahad.toman.TomanKt.TomanTextField-Y9L9Kg4$default' type=kotlin.Unit origin=EQ
          CONST Boolean type=kotlin.Boolean value=true
    WHEN type=kotlin.Unit origin=null
      BRANCH
        if: CALL 'public final fun not (): kotlin.Boolean [operator] declared in kotlin.Boolean' type=kotlin.Boolean origin=EXCLEQ
          $this: CALL 'public final fun EQEQ (arg0: kotlin.Any?, arg1: kotlin.Any?): kotlin.Boolean declared in kotlin.internal.ir' type=kotlin.Boolean origin=EXCLEQ
            arg0: CALL 'public final fun and (other: kotlin.Int): kotlin.Int [infix] declared in kotlin.Int' type=kotlin.Int origin=null
              $this: GET_VAR '$mask0: kotlin.Int declared in ir.ahad.toman.TomanKt.TomanTextField-Y9L9Kg4$default' type=kotlin.Int origin=null
              other: CONST Int type=kotlin.Int value=16
            arg1: CONST Int type=kotlin.Int value=0
        then: SET_VAR 'readOnly: kotlin.Boolean [assignable] declared in ir.ahad.toman.TomanKt.TomanTextField-Y9L9Kg4$default' type=kotlin.Unit origin=EQ
          CONST Boolean type=kotlin.Boolean value=false
    WHEN type=kotlin.Unit origin=null
      BRANCH
        if: CALL 'public final fun not (): kotlin.Boolean [operator] declared in kotlin.Boolean' type=kotlin.Boolean origin=EXCLEQ
          $this: CALL 'public final fun EQEQ (arg0: kotlin.Any?, arg1: kotlin.Any?): kotlin.Boolean declared in kotlin.internal.ir' type=kotlin.Boolean origin=EXCLEQ
            arg0: CALL 'public final fun and (other: kotlin.Int): kotlin.Int [infix] declared in kotlin.Int' type=kotlin.Int origin=null
              $this: GET_VAR '$mask0: kotlin.Int declared in ir.ahad.toman.TomanKt.TomanTextField-Y9L9Kg4$default' type=kotlin.Int origin=null
              other: CONST Int type=kotlin.Int value=32
            arg1: CONST Int type=kotlin.Int value=0
        then: SET_VAR 'textStyle: androidx.compose.ui.text.TextStyle? [assignable] declared in ir.ahad.toman.TomanKt.TomanTextField-Y9L9Kg4$default' type=kotlin.Unit origin=EQ
          CALL 'public final fun <get-current> (): T of androidx.compose.runtime.CompositionLocal [inline] declared in androidx.compose.runtime.CompositionLocal' type=androidx.compose.ui.text.TextStyle origin=GET_PROPERTY
            $this: TYPE_OP type=androidx.compose.runtime.CompositionLocal<T of androidx.compose.runtime.CompositionLocal> origin=IMPLICIT_CAST typeOperand=androidx.compose.runtime.CompositionLocal<T of androidx.compose.runtime.CompositionLocal>
              CALL 'public final fun <get-LocalTextStyle> (): androidx.compose.runtime.ProvidableCompositionLocal<androidx.compose.ui.text.TextStyle> declared in androidx.compose.material3.TextKt' type=androidx.compose.runtime.ProvidableCompositionLocal<androidx.compose.ui.text.TextStyle> origin=GET_PROPERTY
    WHEN type=kotlin.Unit origin=null
      BRANCH
        if: CALL 'public final fun not (): kotlin.Boolean [operator] declared in kotlin.Boolean' type=kotlin.Boolean origin=EXCLEQ
          $this: CALL 'public final fun EQEQ (arg0: kotlin.Any?, arg1: kotlin.Any?): kotlin.Boolean declared in kotlin.internal.ir' type=kotlin.Boolean origin=EXCLEQ
            arg0: CALL 'public final fun and (other: kotlin.Int): kotlin.Int [infix] declared in kotlin.Int' type=kotlin.Int origin=null
              $this: GET_VAR '$mask0: kotlin.Int declared in ir.ahad.toman.TomanKt.TomanTextField-Y9L9Kg4$default' type=kotlin.Int origin=null
              other: CONST Int type=kotlin.Int value=64
            arg1: CONST Int type=kotlin.Int value=0
        then: SET_VAR 'label: @[Composable] kotlin.Function0<kotlin.Unit>? [assignable] declared in ir.ahad.toman.TomanKt.TomanTextField-Y9L9Kg4$default' type=kotlin.Unit origin=EQ
          CONST Null type=kotlin.Nothing? value=null
    WHEN type=kotlin.Unit origin=null
      BRANCH
        if: CALL 'public final fun not (): kotlin.Boolean [operator] declared in kotlin.Boolean' type=kotlin.Boolean origin=EXCLEQ
          $this: CALL 'public final fun EQEQ (arg0: kotlin.Any?, arg1: kotlin.Any?): kotlin.Boolean declared in kotlin.internal.ir' type=kotlin.Boolean origin=EXCLEQ
            arg0: CALL 'public final fun and (other: kotlin.Int): kotlin.Int [infix] declared in kotlin.Int' type=kotlin.Int origin=null
              $this: GET_VAR '$mask0: kotlin.Int declared in ir.ahad.toman.TomanKt.TomanTextField-Y9L9Kg4$default' type=kotlin.Int origin=null
              other: CONST Int type=kotlin.Int value=128
            arg1: CONST Int type=kotlin.Int value=0
        then: SET_VAR 'placeholder: @[Composable] kotlin.Function0<kotlin.Unit>? [assignable] declared in ir.ahad.toman.TomanKt.TomanTextField-Y9L9Kg4$default' type=kotlin.Unit origin=EQ
          CONST Null type=kotlin.Nothing? value=null
    WHEN type=kotlin.Unit origin=null
      BRANCH
        if: CALL 'public final fun not (): kotlin.Boolean [operator] declared in kotlin.Boolean' type=kotlin.Boolean origin=EXCLEQ
          $this: CALL 'public final fun EQEQ (arg0: kotlin.Any?, arg1: kotlin.Any?): kotlin.Boolean declared in kotlin.internal.ir' type=kotlin.Boolean origin=EXCLEQ
            arg0: CALL 'public final fun and (other: kotlin.Int): kotlin.Int [infix] declared in kotlin.Int' type=kotlin.Int origin=null
              $this: GET_VAR '$mask0: kotlin.Int declared in ir.ahad.toman.TomanKt.TomanTextField-Y9L9Kg4$default' type=kotlin.Int origin=null
              other: CONST Int type=kotlin.Int value=256
            arg1: CONST Int type=kotlin.Int value=0
        then: SET_VAR 'leadingIcon: @[Composable] kotlin.Function0<kotlin.Unit>? [assignable] declared in ir.ahad.toman.TomanKt.TomanTextField-Y9L9Kg4$default' type=kotlin.Unit origin=EQ
          CONST Null type=kotlin.Nothing? value=null
    WHEN type=kotlin.Unit origin=null
      BRANCH
        if: CALL 'public final fun not (): kotlin.Boolean [operator] declared in kotlin.Boolean' type=kotlin.Boolean origin=EXCLEQ
          $this: CALL 'public final fun EQEQ (arg0: kotlin.Any?, arg1: kotlin.Any?): kotlin.Boolean declared in kotlin.internal.ir' type=kotlin.Boolean origin=EXCLEQ
            arg0: CALL 'public final fun and (other: kotlin.Int): kotlin.Int [infix] declared in kotlin.Int' type=kotlin.Int origin=null
              $this: GET_VAR '$mask0: kotlin.Int declared in ir.ahad.toman.TomanKt.TomanTextField-Y9L9Kg4$default' type=kotlin.Int origin=null
              other: CONST Int type=kotlin.Int value=512
            arg1: CONST Int type=kotlin.Int value=0
        then: SET_VAR 'trailingIcon: @[Composable] kotlin.Function0<kotlin.Unit>? [assignable] declared in ir.ahad.toman.TomanKt.TomanTextField-Y9L9Kg4$default' type=kotlin.Unit origin=EQ
          CONST Null type=kotlin.Nothing? value=null
    WHEN type=kotlin.Unit origin=null
      BRANCH
        if: CALL 'public final fun not (): kotlin.Boolean [operator] declared in kotlin.Boolean' type=kotlin.Boolean origin=EXCLEQ
          $this: CALL 'public final fun EQEQ (arg0: kotlin.Any?, arg1: kotlin.Any?): kotlin.Boolean declared in kotlin.internal.ir' type=kotlin.Boolean origin=EXCLEQ
            arg0: CALL 'public final fun and (other: kotlin.Int): kotlin.Int [infix] declared in kotlin.Int' type=kotlin.Int origin=null
              $this: GET_VAR '$mask0: kotlin.Int declared in ir.ahad.toman.TomanKt.TomanTextField-Y9L9Kg4$default' type=kotlin.Int origin=null
              other: CONST Int type=kotlin.Int value=1024
            arg1: CONST Int type=kotlin.Int value=0
        then: SET_VAR 'prefix: @[Composable] kotlin.Function0<kotlin.Unit>? [assignable] declared in ir.ahad.toman.TomanKt.TomanTextField-Y9L9Kg4$default' type=kotlin.Unit origin=EQ
          CONST Null type=kotlin.Nothing? value=null
    WHEN type=kotlin.Unit origin=null
      BRANCH
        if: CALL 'public final fun not (): kotlin.Boolean [operator] declared in kotlin.Boolean' type=kotlin.Boolean origin=EXCLEQ
          $this: CALL 'public final fun EQEQ (arg0: kotlin.Any?, arg1: kotlin.Any?): kotlin.Boolean declared in kotlin.internal.ir' type=kotlin.Boolean origin=EXCLEQ
            arg0: CALL 'public final fun and (other: kotlin.Int): kotlin.Int [infix] declared in kotlin.Int' type=kotlin.Int origin=null
              $this: GET_VAR '$mask0: kotlin.Int declared in ir.ahad.toman.TomanKt.TomanTextField-Y9L9Kg4$default' type=kotlin.Int origin=null
              other: CONST Int type=kotlin.Int value=2048
            arg1: CONST Int type=kotlin.Int value=0
        then: SET_VAR 'suffix: @[Composable] kotlin.Function0<kotlin.Unit>? [assignable] declared in ir.ahad.toman.TomanKt.TomanTextField-Y9L9Kg4$default' type=kotlin.Unit origin=EQ
          CONST Null type=kotlin.Nothing? value=null
    WHEN type=kotlin.Unit origin=null
      BRANCH
        if: CALL 'public final fun not (): kotlin.Boolean [operator] declared in kotlin.Boolean' type=kotlin.Boolean origin=EXCLEQ
          $this: CALL 'public final fun EQEQ (arg0: kotlin.Any?, arg1: kotlin.Any?): kotlin.Boolean declared in kotlin.internal.ir' type=kotlin.Boolean origin=EXCLEQ
            arg0: CALL 'public final fun and (other: kotlin.Int): kotlin.Int [infix] declared in kotlin.Int' type=kotlin.Int origin=null
              $this: GET_VAR '$mask0: kotlin.Int declared in ir.ahad.toman.TomanKt.TomanTextField-Y9L9Kg4$default' type=kotlin.Int origin=null
              other: CONST Int type=kotlin.Int value=4096
            arg1: CONST Int type=kotlin.Int value=0
        then: SET_VAR 'supportingText: @[Composable] kotlin.Function0<kotlin.Unit>? [assignable] declared in ir.ahad.toman.TomanKt.TomanTextField-Y9L9Kg4$default' type=kotlin.Unit origin=EQ
          CONST Null type=kotlin.Nothing? value=null
    WHEN type=kotlin.Unit origin=null
      BRANCH
        if: CALL 'public final fun not (): kotlin.Boolean [operator] declared in kotlin.Boolean' type=kotlin.Boolean origin=EXCLEQ
          $this: CALL 'public final fun EQEQ (arg0: kotlin.Any?, arg1: kotlin.Any?): kotlin.Boolean declared in kotlin.internal.ir' type=kotlin.Boolean origin=EXCLEQ
            arg0: CALL 'public final fun and (other: kotlin.Int): kotlin.Int [infix] declared in kotlin.Int' type=kotlin.Int origin=null
              $this: GET_VAR '$mask0: kotlin.Int declared in ir.ahad.toman.TomanKt.TomanTextField-Y9L9Kg4$default' type=kotlin.Int origin=null
              other: CONST Int type=kotlin.Int value=8192
            arg1: CONST Int type=kotlin.Int value=0
        then: SET_VAR 'isError: kotlin.Boolean [assignable] declared in ir.ahad.toman.TomanKt.TomanTextField-Y9L9Kg4$default' type=kotlin.Unit origin=EQ
          CONST Boolean type=kotlin.Boolean value=false
    WHEN type=kotlin.Unit origin=null
      BRANCH
        if: CALL 'public final fun not (): kotlin.Boolean [operator] declared in kotlin.Boolean' type=kotlin.Boolean origin=EXCLEQ
          $this: CALL 'public final fun EQEQ (arg0: kotlin.Any?, arg1: kotlin.Any?): kotlin.Boolean declared in kotlin.internal.ir' type=kotlin.Boolean origin=EXCLEQ
            arg0: CALL 'public final fun and (other: kotlin.Int): kotlin.Int [infix] declared in kotlin.Int' type=kotlin.Int origin=null
              $this: GET_VAR '$mask0: kotlin.Int declared in ir.ahad.toman.TomanKt.TomanTextField-Y9L9Kg4$default' type=kotlin.Int origin=null
              other: CONST Int type=kotlin.Int value=16384
            arg1: CONST Int type=kotlin.Int value=0
        then: SET_VAR 'visualTransformation: androidx.compose.ui.text.input.VisualTransformation? [assignable] declared in ir.ahad.toman.TomanKt.TomanTextField-Y9L9Kg4$default' type=kotlin.Unit origin=EQ
          CALL 'public final fun <get-None> (): androidx.compose.ui.text.input.VisualTransformation declared in androidx.compose.ui.text.input.VisualTransformation.Companion' type=androidx.compose.ui.text.input.VisualTransformation origin=GET_PROPERTY
            $this: GET_FIELD 'FIELD FIELD_FOR_OBJECT_INSTANCE name:Companion type:androidx.compose.ui.text.input.VisualTransformation.Companion visibility:public [final,static]' type=androidx.compose.ui.text.input.VisualTransformation.Companion origin=null
    WHEN type=kotlin.Unit origin=null
      BRANCH
        if: CALL 'public final fun not (): kotlin.Boolean [operator] declared in kotlin.Boolean' type=kotlin.Boolean origin=EXCLEQ
          $this: CALL 'public final fun EQEQ (arg0: kotlin.Any?, arg1: kotlin.Any?): kotlin.Boolean declared in kotlin.internal.ir' type=kotlin.Boolean origin=EXCLEQ
            arg0: CALL 'public final fun and (other: kotlin.Int): kotlin.Int [infix] declared in kotlin.Int' type=kotlin.Int origin=null
              $this: GET_VAR '$mask0: kotlin.Int declared in ir.ahad.toman.TomanKt.TomanTextField-Y9L9Kg4$default' type=kotlin.Int origin=null
              other: CONST Int type=kotlin.Int value=32768
            arg1: CONST Int type=kotlin.Int value=0
        then: SET_VAR 'keyboardOptions: androidx.compose.foundation.text.KeyboardOptions? [assignable] declared in ir.ahad.toman.TomanKt.TomanTextField-Y9L9Kg4$default' type=kotlin.Unit origin=EQ
          CALL 'public final fun <get-Default> (): androidx.compose.foundation.text.KeyboardOptions declared in androidx.compose.foundation.text.KeyboardOptions.Companion' type=androidx.compose.foundation.text.KeyboardOptions origin=GET_PROPERTY
            $this: GET_FIELD 'FIELD FIELD_FOR_OBJECT_INSTANCE name:Companion type:androidx.compose.foundation.text.KeyboardOptions.Companion visibility:public [final,static]' type=androidx.compose.foundation.text.KeyboardOptions.Companion origin=null
    WHEN type=kotlin.Unit origin=null
      BRANCH
        if: CALL 'public final fun not (): kotlin.Boolean [operator] declared in kotlin.Boolean' type=kotlin.Boolean origin=EXCLEQ
          $this: CALL 'public final fun EQEQ (arg0: kotlin.Any?, arg1: kotlin.Any?): kotlin.Boolean declared in kotlin.internal.ir' type=kotlin.Boolean origin=EXCLEQ
            arg0: CALL 'public final fun and (other: kotlin.Int): kotlin.Int [infix] declared in kotlin.Int' type=kotlin.Int origin=null
              $this: GET_VAR '$mask0: kotlin.Int declared in ir.ahad.toman.TomanKt.TomanTextField-Y9L9Kg4$default' type=kotlin.Int origin=null
              other: CONST Int type=kotlin.Int value=65536
            arg1: CONST Int type=kotlin.Int value=0
        then: SET_VAR 'keyboardActions: androidx.compose.foundation.text.KeyboardActions? [assignable] declared in ir.ahad.toman.TomanKt.TomanTextField-Y9L9Kg4$default' type=kotlin.Unit origin=EQ
          CALL 'public final fun <get-Default> (): androidx.compose.foundation.text.KeyboardActions declared in androidx.compose.foundation.text.KeyboardActions.Companion' type=androidx.compose.foundation.text.KeyboardActions origin=GET_PROPERTY
            $this: GET_FIELD 'FIELD FIELD_FOR_OBJECT_INSTANCE name:Companion type:androidx.compose.foundation.text.KeyboardActions.Companion visibility:public [final,static]' type=androidx.compose.foundation.text.KeyboardActions.Companion origin=null
    WHEN type=kotlin.Unit origin=null
      BRANCH
        if: CALL 'public final fun not (): kotlin.Boolean [operator] declared in kotlin.Boolean' type=kotlin.Boolean origin=EXCLEQ
          $this: CALL 'public final fun EQEQ (arg0: kotlin.Any?, arg1: kotlin.Any?): kotlin.Boolean declared in kotlin.internal.ir' type=kotlin.Boolean origin=EXCLEQ
            arg0: CALL 'public final fun and (other: kotlin.Int): kotlin.Int [infix] declared in kotlin.Int' type=kotlin.Int origin=null
              $this: GET_VAR '$mask0: kotlin.Int declared in ir.ahad.toman.TomanKt.TomanTextField-Y9L9Kg4$default' type=kotlin.Int origin=null
              other: CONST Int type=kotlin.Int value=131072
            arg1: CONST Int type=kotlin.Int value=0
        then: SET_VAR 'singleLine: kotlin.Boolean [assignable] declared in ir.ahad.toman.TomanKt.TomanTextField-Y9L9Kg4$default' type=kotlin.Unit origin=EQ
          CONST Boolean type=kotlin.Boolean value=false
    WHEN type=kotlin.Unit origin=null
      BRANCH
        if: CALL 'public final fun not (): kotlin.Boolean [operator] declared in kotlin.Boolean' type=kotlin.Boolean origin=EXCLEQ
          $this: CALL 'public final fun EQEQ (arg0: kotlin.Any?, arg1: kotlin.Any?): kotlin.Boolean declared in kotlin.internal.ir' type=kotlin.Boolean origin=EXCLEQ
            arg0: CALL 'public final fun and (other: kotlin.Int): kotlin.Int [infix] declared in kotlin.Int' type=kotlin.Int origin=null
              $this: GET_VAR '$mask0: kotlin.Int declared in ir.ahad.toman.TomanKt.TomanTextField-Y9L9Kg4$default' type=kotlin.Int origin=null
              other: CONST Int type=kotlin.Int value=262144
            arg1: CONST Int type=kotlin.Int value=0
        then: SET_VAR 'maxLines: kotlin.Int [assignable] declared in ir.ahad.toman.TomanKt.TomanTextField-Y9L9Kg4$default' type=kotlin.Unit origin=EQ
          WHEN type=kotlin.Int origin=IF
            BRANCH
              if: GET_VAR 'singleLine: kotlin.Boolean [assignable] declared in ir.ahad.toman.TomanKt.TomanTextField-Y9L9Kg4$default' type=kotlin.Boolean origin=null
              then: CONST Int type=kotlin.Int value=1
            BRANCH
              if: CONST Boolean type=kotlin.Boolean value=true
              then: CONST Int type=kotlin.Int value=2147483647
    WHEN type=kotlin.Unit origin=null
      BRANCH
        if: CALL 'public final fun not (): kotlin.Boolean [operator] declared in kotlin.Boolean' type=kotlin.Boolean origin=EXCLEQ
          $this: CALL 'public final fun EQEQ (arg0: kotlin.Any?, arg1: kotlin.Any?): kotlin.Boolean declared in kotlin.internal.ir' type=kotlin.Boolean origin=EXCLEQ
            arg0: CALL 'public final fun and (other: kotlin.Int): kotlin.Int [infix] declared in kotlin.Int' type=kotlin.Int origin=null
              $this: GET_VAR '$mask0: kotlin.Int declared in ir.ahad.toman.TomanKt.TomanTextField-Y9L9Kg4$default' type=kotlin.Int origin=null
              other: CONST Int type=kotlin.Int value=524288
            arg1: CONST Int type=kotlin.Int value=0
        then: SET_VAR 'minLines: kotlin.Int [assignable] declared in ir.ahad.toman.TomanKt.TomanTextField-Y9L9Kg4$default' type=kotlin.Unit origin=EQ
          CONST Int type=kotlin.Int value=1
    WHEN type=kotlin.Unit origin=null
      BRANCH
        if: CALL 'public final fun not (): kotlin.Boolean [operator] declared in kotlin.Boolean' type=kotlin.Boolean origin=EXCLEQ
          $this: CALL 'public final fun EQEQ (arg0: kotlin.Any?, arg1: kotlin.Any?): kotlin.Boolean declared in kotlin.internal.ir' type=kotlin.Boolean origin=EXCLEQ
            arg0: CALL 'public final fun and (other: kotlin.Int): kotlin.Int [infix] declared in kotlin.Int' type=kotlin.Int origin=null
              $this: GET_VAR '$mask0: kotlin.Int declared in ir.ahad.toman.TomanKt.TomanTextField-Y9L9Kg4$default' type=kotlin.Int origin=null
              other: CONST Int type=kotlin.Int value=1048576
            arg1: CONST Int type=kotlin.Int value=0
        then: SET_VAR 'interactionSource: androidx.compose.foundation.interaction.MutableInteractionSource? [assignable] declared in ir.ahad.toman.TomanKt.TomanTextField-Y9L9Kg4$default' type=kotlin.Unit origin=EQ
          CALL 'public final fun remember <T> (calculation: @[DisallowComposableCalls] kotlin.Function0<T of androidx.compose.runtime.ComposablesKt.remember>): T of androidx.compose.runtime.ComposablesKt.remember [inline] declared in androidx.compose.runtime.ComposablesKt' type=androidx.compose.foundation.interaction.MutableInteractionSource origin=null
            <T>: androidx.compose.foundation.interaction.MutableInteractionSource
            calculation: BLOCK type=kotlin.Function0<androidx.compose.foundation.interaction.MutableInteractionSource> origin=LAMBDA
              COMPOSITE type=kotlin.Unit origin=null
              FUNCTION_REFERENCE 'private final fun TomanTextField_Y9L9Kg4$lambda$0 (): androidx.compose.foundation.interaction.MutableInteractionSource declared in ir.ahad.toman.TomanKt' type=kotlin.Function0<androidx.compose.foundation.interaction.MutableInteractionSource> origin=INLINE_LAMBDA reflectionTarget=null
    WHEN type=kotlin.Unit origin=null
      BRANCH
        if: CALL 'public final fun not (): kotlin.Boolean [operator] declared in kotlin.Boolean' type=kotlin.Boolean origin=EXCLEQ
          $this: CALL 'public final fun EQEQ (arg0: kotlin.Any?, arg1: kotlin.Any?): kotlin.Boolean declared in kotlin.internal.ir' type=kotlin.Boolean origin=EXCLEQ
            arg0: CALL 'public final fun and (other: kotlin.Int): kotlin.Int [infix] declared in kotlin.Int' type=kotlin.Int origin=null
              $this: GET_VAR '$mask0: kotlin.Int declared in ir.ahad.toman.TomanKt.TomanTextField-Y9L9Kg4$default' type=kotlin.Int origin=null
              other: CONST Int type=kotlin.Int value=2097152
            arg1: CONST Int type=kotlin.Int value=0
        then: SET_VAR 'shape: androidx.compose.ui.graphics.Shape? [assignable] declared in ir.ahad.toman.TomanKt.TomanTextField-Y9L9Kg4$default' type=kotlin.Unit origin=EQ
          CALL 'public final fun <get-shape> (): androidx.compose.ui.graphics.Shape declared in androidx.compose.material3.TextFieldDefaults' type=androidx.compose.ui.graphics.Shape origin=GET_PROPERTY
            $this: GET_FIELD 'FIELD FIELD_FOR_OBJECT_INSTANCE name:INSTANCE type:androidx.compose.material3.TextFieldDefaults visibility:public [final,static]' type=androidx.compose.material3.TextFieldDefaults origin=null
    WHEN type=kotlin.Unit origin=null
      BRANCH
        if: CALL 'public final fun not (): kotlin.Boolean [operator] declared in kotlin.Boolean' type=kotlin.Boolean origin=EXCLEQ
          $this: CALL 'public final fun EQEQ (arg0: kotlin.Any?, arg1: kotlin.Any?): kotlin.Boolean declared in kotlin.internal.ir' type=kotlin.Boolean origin=EXCLEQ
            arg0: CALL 'public final fun and (other: kotlin.Int): kotlin.Int [infix] declared in kotlin.Int' type=kotlin.Int origin=null
              $this: GET_VAR '$mask0: kotlin.Int declared in ir.ahad.toman.TomanKt.TomanTextField-Y9L9Kg4$default' type=kotlin.Int origin=null
              other: CONST Int type=kotlin.Int value=4194304
            arg1: CONST Int type=kotlin.Int value=0
        then: SET_VAR 'colors: androidx.compose.material3.TextFieldColors? [assignable] declared in ir.ahad.toman.TomanKt.TomanTextField-Y9L9Kg4$default' type=kotlin.Unit origin=EQ
          CALL 'public final fun colors (): androidx.compose.material3.TextFieldColors declared in androidx.compose.material3.TextFieldDefaults' type=androidx.compose.material3.TextFieldColors origin=null
            $this: GET_FIELD 'FIELD FIELD_FOR_OBJECT_INSTANCE name:INSTANCE type:androidx.compose.material3.TextFieldDefaults visibility:public [final,static]' type=androidx.compose.material3.TextFieldDefaults origin=null
    WHEN type=kotlin.Unit origin=null
      BRANCH
        if: CALL 'public final fun not (): kotlin.Boolean [operator] declared in kotlin.Boolean' type=kotlin.Boolean origin=EXCLEQ
          $this: CALL 'public final fun EQEQ (arg0: kotlin.Any?, arg1: kotlin.Any?): kotlin.Boolean declared in kotlin.internal.ir' type=kotlin.Boolean origin=EXCLEQ
            arg0: CALL 'public final fun and (other: kotlin.Int): kotlin.Int [infix] declared in kotlin.Int' type=kotlin.Int origin=null
              $this: GET_VAR '$mask0: kotlin.Int declared in ir.ahad.toman.TomanKt.TomanTextField-Y9L9Kg4$default' type=kotlin.Int origin=null
              other: CONST Int type=kotlin.Int value=8388608
            arg1: CONST Int type=kotlin.Int value=0
        then: SET_VAR 'textModifier: androidx.compose.ui.Modifier? [assignable] declared in ir.ahad.toman.TomanKt.TomanTextField-Y9L9Kg4$default' type=kotlin.Unit origin=EQ
          GET_FIELD 'FIELD FIELD_FOR_OBJECT_INSTANCE name:Companion type:androidx.compose.ui.Modifier.Companion visibility:public [final,static]' type=androidx.compose.ui.Modifier.Companion origin=null
    WHEN type=kotlin.Unit origin=null
      BRANCH
        if: CALL 'public final fun not (): kotlin.Boolean [operator] declared in kotlin.Boolean' type=kotlin.Boolean origin=EXCLEQ
          $this: CALL 'public final fun EQEQ (arg0: kotlin.Any?, arg1: kotlin.Any?): kotlin.Boolean declared in kotlin.internal.ir' type=kotlin.Boolean origin=EXCLEQ
            arg0: CALL 'public final fun and (other: kotlin.Int): kotlin.Int [infix] declared in kotlin.Int' type=kotlin.Int origin=null
              $this: GET_VAR '$mask0: kotlin.Int declared in ir.ahad.toman.TomanKt.TomanTextField-Y9L9Kg4$default' type=kotlin.Int origin=null
              other: CONST Int type=kotlin.Int value=16777216
            arg1: CONST Int type=kotlin.Int value=0
        then: SET_VAR 'textColor: androidx.compose.ui.graphics.Color [assignable] declared in ir.ahad.toman.TomanKt.TomanTextField-Y9L9Kg4$default' type=kotlin.Unit origin=EQ
          CALL 'public final fun getUnspecified-0d7_KjU (): androidx.compose.ui.graphics.Color declared in androidx.compose.ui.graphics.Color.Companion' type=androidx.compose.ui.graphics.Color origin=GET_PROPERTY
            $this: GET_FIELD 'FIELD FIELD_FOR_OBJECT_INSTANCE name:Companion type:androidx.compose.ui.graphics.Color.Companion visibility:public [final,static]' type=androidx.compose.ui.graphics.Color.Companion origin=null
    WHEN type=kotlin.Unit origin=null
      BRANCH
        if: CALL 'public final fun not (): kotlin.Boolean [operator] declared in kotlin.Boolean' type=kotlin.Boolean origin=EXCLEQ
          $this: CALL 'public final fun EQEQ (arg0: kotlin.Any?, arg1: kotlin.Any?): kotlin.Boolean declared in kotlin.internal.ir' type=kotlin.Boolean origin=EXCLEQ
            arg0: CALL 'public final fun and (other: kotlin.Int): kotlin.Int [infix] declared in kotlin.Int' type=kotlin.Int origin=null
              $this: GET_VAR '$mask0: kotlin.Int declared in ir.ahad.toman.TomanKt.TomanTextField-Y9L9Kg4$default' type=kotlin.Int origin=null
              other: CONST Int type=kotlin.Int value=33554432
            arg1: CONST Int type=kotlin.Int value=0
        then: SET_VAR 'textFontSize: androidx.compose.ui.unit.TextUnit [assignable] declared in ir.ahad.toman.TomanKt.TomanTextField-Y9L9Kg4$default' type=kotlin.Unit origin=EQ
          CALL 'public final fun getUnspecified-XSAIIZE (): androidx.compose.ui.unit.TextUnit declared in androidx.compose.ui.unit.TextUnit.Companion' type=androidx.compose.ui.unit.TextUnit origin=GET_PROPERTY
            $this: GET_FIELD 'FIELD FIELD_FOR_OBJECT_INSTANCE name:Companion type:androidx.compose.ui.unit.TextUnit.Companion visibility:public [final,static]' type=androidx.compose.ui.unit.TextUnit.Companion origin=null
    WHEN type=kotlin.Unit origin=null
      BRANCH
        if: CALL 'public final fun not (): kotlin.Boolean [operator] declared in kotlin.Boolean' type=kotlin.Boolean origin=EXCLEQ
          $this: CALL 'public final fun EQEQ (arg0: kotlin.Any?, arg1: kotlin.Any?): kotlin.Boolean declared in kotlin.internal.ir' type=kotlin.Boolean origin=EXCLEQ
            arg0: CALL 'public final fun and (other: kotlin.Int): kotlin.Int [infix] declared in kotlin.Int' type=kotlin.Int origin=null
              $this: GET_VAR '$mask0: kotlin.Int declared in ir.ahad.toman.TomanKt.TomanTextField-Y9L9Kg4$default' type=kotlin.Int origin=null
              other: CONST Int type=kotlin.Int value=67108864
            arg1: CONST Int type=kotlin.Int value=0
        then: SET_VAR 'textFontStyle: androidx.compose.ui.text.font.FontStyle? [assignable] declared in ir.ahad.toman.TomanKt.TomanTextField-Y9L9Kg4$default' type=kotlin.Unit origin=EQ
          CONST Null type=kotlin.Nothing? value=null
    WHEN type=kotlin.Unit origin=null
      BRANCH
        if: CALL 'public final fun not (): kotlin.Boolean [operator] declared in kotlin.Boolean' type=kotlin.Boolean origin=EXCLEQ
          $this: CALL 'public final fun EQEQ (arg0: kotlin.Any?, arg1: kotlin.Any?): kotlin.Boolean declared in kotlin.internal.ir' type=kotlin.Boolean origin=EXCLEQ
            arg0: CALL 'public final fun and (other: kotlin.Int): kotlin.Int [infix] declared in kotlin.Int' type=kotlin.Int origin=null
              $this: GET_VAR '$mask0: kotlin.Int declared in ir.ahad.toman.TomanKt.TomanTextField-Y9L9Kg4$default' type=kotlin.Int origin=null
              other: CONST Int type=kotlin.Int value=134217728
            arg1: CONST Int type=kotlin.Int value=0
        then: SET_VAR 'textFontWeight: androidx.compose.ui.text.font.FontWeight? [assignable] declared in ir.ahad.toman.TomanKt.TomanTextField-Y9L9Kg4$default' type=kotlin.Unit origin=EQ
          CONST Null type=kotlin.Nothing? value=null
    WHEN type=kotlin.Unit origin=null
      BRANCH
        if: CALL 'public final fun not (): kotlin.Boolean [operator] declared in kotlin.Boolean' type=kotlin.Boolean origin=EXCLEQ
          $this: CALL 'public final fun EQEQ (arg0: kotlin.Any?, arg1: kotlin.Any?): kotlin.Boolean declared in kotlin.internal.ir' type=kotlin.Boolean origin=EXCLEQ
            arg0: CALL 'public final fun and (other: kotlin.Int): kotlin.Int [infix] declared in kotlin.Int' type=kotlin.Int origin=null
              $this: GET_VAR '$mask0: kotlin.Int declared in ir.ahad.toman.TomanKt.TomanTextField-Y9L9Kg4$default' type=kotlin.Int origin=null
              other: CONST Int type=kotlin.Int value=268435456
            arg1: CONST Int type=kotlin.Int value=0
        then: SET_VAR 'textFontFamily: androidx.compose.ui.text.font.FontFamily? [assignable] declared in ir.ahad.toman.TomanKt.TomanTextField-Y9L9Kg4$default' type=kotlin.Unit origin=EQ
          CONST Null type=kotlin.Nothing? value=null
    WHEN type=kotlin.Unit origin=null
      BRANCH
        if: CALL 'public final fun not (): kotlin.Boolean [operator] declared in kotlin.Boolean' type=kotlin.Boolean origin=EXCLEQ
          $this: CALL 'public final fun EQEQ (arg0: kotlin.Any?, arg1: kotlin.Any?): kotlin.Boolean declared in kotlin.internal.ir' type=kotlin.Boolean origin=EXCLEQ
            arg0: CALL 'public final fun and (other: kotlin.Int): kotlin.Int [infix] declared in kotlin.Int' type=kotlin.Int origin=null
              $this: GET_VAR '$mask0: kotlin.Int declared in ir.ahad.toman.TomanKt.TomanTextField-Y9L9Kg4$default' type=kotlin.Int origin=null
              other: CONST Int type=kotlin.Int value=536870912
            arg1: CONST Int type=kotlin.Int value=0
        then: SET_VAR 'textLetterSpacing: androidx.compose.ui.unit.TextUnit [assignable] declared in ir.ahad.toman.TomanKt.TomanTextField-Y9L9Kg4$default' type=kotlin.Unit origin=EQ
          CALL 'public final fun getUnspecified-XSAIIZE (): androidx.compose.ui.unit.TextUnit declared in androidx.compose.ui.unit.TextUnit.Companion' type=androidx.compose.ui.unit.TextUnit origin=GET_PROPERTY
            $this: GET_FIELD 'FIELD FIELD_FOR_OBJECT_INSTANCE name:Companion type:androidx.compose.ui.unit.TextUnit.Companion visibility:public [final,static]' type=androidx.compose.ui.unit.TextUnit.Companion origin=null
    WHEN type=kotlin.Unit origin=null
      BRANCH
        if: CALL 'public final fun not (): kotlin.Boolean [operator] declared in kotlin.Boolean' type=kotlin.Boolean origin=EXCLEQ
          $this: CALL 'public final fun EQEQ (arg0: kotlin.Any?, arg1: kotlin.Any?): kotlin.Boolean declared in kotlin.internal.ir' type=kotlin.Boolean origin=EXCLEQ
            arg0: CALL 'public final fun and (other: kotlin.Int): kotlin.Int [infix] declared in kotlin.Int' type=kotlin.Int origin=null
              $this: GET_VAR '$mask0: kotlin.Int declared in ir.ahad.toman.TomanKt.TomanTextField-Y9L9Kg4$default' type=kotlin.Int origin=null
              other: CONST Int type=kotlin.Int value=1073741824
            arg1: CONST Int type=kotlin.Int value=0
        then: SET_VAR 'textTextDecoration: androidx.compose.ui.text.style.TextDecoration? [assignable] declared in ir.ahad.toman.TomanKt.TomanTextField-Y9L9Kg4$default' type=kotlin.Unit origin=EQ
          CONST Null type=kotlin.Nothing? value=null
    WHEN type=kotlin.Unit origin=null
      BRANCH
        if: CALL 'public final fun not (): kotlin.Boolean [operator] declared in kotlin.Boolean' type=kotlin.Boolean origin=EXCLEQ
          $this: CALL 'public final fun EQEQ (arg0: kotlin.Any?, arg1: kotlin.Any?): kotlin.Boolean declared in kotlin.internal.ir' type=kotlin.Boolean origin=EXCLEQ
            arg0: CALL 'public final fun and (other: kotlin.Int): kotlin.Int [infix] declared in kotlin.Int' type=kotlin.Int origin=null
              $this: GET_VAR '$mask0: kotlin.Int declared in ir.ahad.toman.TomanKt.TomanTextField-Y9L9Kg4$default' type=kotlin.Int origin=null
              other: CONST Int type=kotlin.Int value=-2147483648
            arg1: CONST Int type=kotlin.Int value=0
        then: SET_VAR 'textTextAlign: androidx.compose.ui.text.style.TextAlign? [assignable] declared in ir.ahad.toman.TomanKt.TomanTextField-Y9L9Kg4$default' type=kotlin.Unit origin=EQ
          CONST Null type=kotlin.Nothing? value=null
    WHEN type=kotlin.Unit origin=null
      BRANCH
        if: CALL 'public final fun not (): kotlin.Boolean [operator] declared in kotlin.Boolean' type=kotlin.Boolean origin=EXCLEQ
          $this: CALL 'public final fun EQEQ (arg0: kotlin.Any?, arg1: kotlin.Any?): kotlin.Boolean declared in kotlin.internal.ir' type=kotlin.Boolean origin=EXCLEQ
            arg0: CALL 'public final fun and (other: kotlin.Int): kotlin.Int [infix] declared in kotlin.Int' type=kotlin.Int origin=null
              $this: GET_VAR '$mask1: kotlin.Int declared in ir.ahad.toman.TomanKt.TomanTextField-Y9L9Kg4$default' type=kotlin.Int origin=null
              other: CONST Int type=kotlin.Int value=1
            arg1: CONST Int type=kotlin.Int value=0
        then: SET_VAR 'textLineHeight: androidx.compose.ui.unit.TextUnit [assignable] declared in ir.ahad.toman.TomanKt.TomanTextField-Y9L9Kg4$default' type=kotlin.Unit origin=EQ
          CALL 'public final fun getUnspecified-XSAIIZE (): androidx.compose.ui.unit.TextUnit declared in androidx.compose.ui.unit.TextUnit.Companion' type=androidx.compose.ui.unit.TextUnit origin=GET_PROPERTY
            $this: GET_FIELD 'FIELD FIELD_FOR_OBJECT_INSTANCE name:Companion type:androidx.compose.ui.unit.TextUnit.Companion visibility:public [final,static]' type=androidx.compose.ui.unit.TextUnit.Companion origin=null
    WHEN type=kotlin.Unit origin=null
      BRANCH
        if: CALL 'public final fun not (): kotlin.Boolean [operator] declared in kotlin.Boolean' type=kotlin.Boolean origin=EXCLEQ
          $this: CALL 'public final fun EQEQ (arg0: kotlin.Any?, arg1: kotlin.Any?): kotlin.Boolean declared in kotlin.internal.ir' type=kotlin.Boolean origin=EXCLEQ
            arg0: CALL 'public final fun and (other: kotlin.Int): kotlin.Int [infix] declared in kotlin.Int' type=kotlin.Int origin=null
              $this: GET_VAR '$mask1: kotlin.Int declared in ir.ahad.toman.TomanKt.TomanTextField-Y9L9Kg4$default' type=kotlin.Int origin=null
              other: CONST Int type=kotlin.Int value=2
            arg1: CONST Int type=kotlin.Int value=0
        then: SET_VAR 'textOverflow: androidx.compose.ui.text.style.TextOverflow [assignable] declared in ir.ahad.toman.TomanKt.TomanTextField-Y9L9Kg4$default' type=kotlin.Unit origin=EQ
          CALL 'public final fun getClip-gIe3tQ8 (): androidx.compose.ui.text.style.TextOverflow declared in androidx.compose.ui.text.style.TextOverflow.Companion' type=androidx.compose.ui.text.style.TextOverflow origin=GET_PROPERTY
            $this: GET_FIELD 'FIELD FIELD_FOR_OBJECT_INSTANCE name:Companion type:androidx.compose.ui.text.style.TextOverflow.Companion visibility:public [final,static]' type=androidx.compose.ui.text.style.TextOverflow.Companion origin=null
    WHEN type=kotlin.Unit origin=null
      BRANCH
        if: CALL 'public final fun not (): kotlin.Boolean [operator] declared in kotlin.Boolean' type=kotlin.Boolean origin=EXCLEQ
          $this: CALL 'public final fun EQEQ (arg0: kotlin.Any?, arg1: kotlin.Any?): kotlin.Boolean declared in kotlin.internal.ir' type=kotlin.Boolean origin=EXCLEQ
            arg0: CALL 'public final fun and (other: kotlin.Int): kotlin.Int [infix] declared in kotlin.Int' type=kotlin.Int origin=null
              $this: GET_VAR '$mask1: kotlin.Int declared in ir.ahad.toman.TomanKt.TomanTextField-Y9L9Kg4$default' type=kotlin.Int origin=null
              other: CONST Int type=kotlin.Int value=4
            arg1: CONST Int type=kotlin.Int value=0
        then: SET_VAR 'textSoftWrap: kotlin.Boolean [assignable] declared in ir.ahad.toman.TomanKt.TomanTextField-Y9L9Kg4$default' type=kotlin.Unit origin=EQ
          CONST Boolean type=kotlin.Boolean value=true
    WHEN type=kotlin.Unit origin=null
      BRANCH
        if: CALL 'public final fun not (): kotlin.Boolean [operator] declared in kotlin.Boolean' type=kotlin.Boolean origin=EXCLEQ
          $this: CALL 'public final fun EQEQ (arg0: kotlin.Any?, arg1: kotlin.Any?): kotlin.Boolean declared in kotlin.internal.ir' type=kotlin.Boolean origin=EXCLEQ
            arg0: CALL 'public final fun and (other: kotlin.Int): kotlin.Int [infix] declared in kotlin.Int' type=kotlin.Int origin=null
              $this: GET_VAR '$mask1: kotlin.Int declared in ir.ahad.toman.TomanKt.TomanTextField-Y9L9Kg4$default' type=kotlin.Int origin=null
              other: CONST Int type=kotlin.Int value=8
            arg1: CONST Int type=kotlin.Int value=0
        then: SET_VAR 'textMaxLines: kotlin.Int [assignable] declared in ir.ahad.toman.TomanKt.TomanTextField-Y9L9Kg4$default' type=kotlin.Unit origin=EQ
          CONST Int type=kotlin.Int value=2147483647
    WHEN type=kotlin.Unit origin=null
      BRANCH
        if: CALL 'public final fun not (): kotlin.Boolean [operator] declared in kotlin.Boolean' type=kotlin.Boolean origin=EXCLEQ
          $this: CALL 'public final fun EQEQ (arg0: kotlin.Any?, arg1: kotlin.Any?): kotlin.Boolean declared in kotlin.internal.ir' type=kotlin.Boolean origin=EXCLEQ
            arg0: CALL 'public final fun and (other: kotlin.Int): kotlin.Int [infix] declared in kotlin.Int' type=kotlin.Int origin=null
              $this: GET_VAR '$mask1: kotlin.Int declared in ir.ahad.toman.TomanKt.TomanTextField-Y9L9Kg4$default' type=kotlin.Int origin=null
              other: CONST Int type=kotlin.Int value=16
            arg1: CONST Int type=kotlin.Int value=0
        then: SET_VAR 'textMinLines: kotlin.Int [assignable] declared in ir.ahad.toman.TomanKt.TomanTextField-Y9L9Kg4$default' type=kotlin.Unit origin=EQ
          CONST Int type=kotlin.Int value=1
    WHEN type=kotlin.Unit origin=null
      BRANCH
        if: CALL 'public final fun not (): kotlin.Boolean [operator] declared in kotlin.Boolean' type=kotlin.Boolean origin=EXCLEQ
          $this: CALL 'public final fun EQEQ (arg0: kotlin.Any?, arg1: kotlin.Any?): kotlin.Boolean declared in kotlin.internal.ir' type=kotlin.Boolean origin=EXCLEQ
            arg0: CALL 'public final fun and (other: kotlin.Int): kotlin.Int [infix] declared in kotlin.Int' type=kotlin.Int origin=null
              $this: GET_VAR '$mask1: kotlin.Int declared in ir.ahad.toman.TomanKt.TomanTextField-Y9L9Kg4$default' type=kotlin.Int origin=null
              other: CONST Int type=kotlin.Int value=32
            arg1: CONST Int type=kotlin.Int value=0
        then: SET_VAR 'textOnTextLayout: kotlin.Function1<androidx.compose.ui.text.TextLayoutResult, kotlin.Unit>? [assignable] declared in ir.ahad.toman.TomanKt.TomanTextField-Y9L9Kg4$default' type=kotlin.Unit origin=EQ
          CONST Null type=kotlin.Nothing? value=null
    WHEN type=kotlin.Unit origin=null
      BRANCH
        if: CALL 'public final fun not (): kotlin.Boolean [operator] declared in kotlin.Boolean' type=kotlin.Boolean origin=EXCLEQ
          $this: CALL 'public final fun EQEQ (arg0: kotlin.Any?, arg1: kotlin.Any?): kotlin.Boolean declared in kotlin.internal.ir' type=kotlin.Boolean origin=EXCLEQ
            arg0: CALL 'public final fun and (other: kotlin.Int): kotlin.Int [infix] declared in kotlin.Int' type=kotlin.Int origin=null
              $this: GET_VAR '$mask1: kotlin.Int declared in ir.ahad.toman.TomanKt.TomanTextField-Y9L9Kg4$default' type=kotlin.Int origin=null
              other: CONST Int type=kotlin.Int value=64
            arg1: CONST Int type=kotlin.Int value=0
        then: SET_VAR 'textTextStyle: androidx.compose.ui.text.TextStyle? [assignable] declared in ir.ahad.toman.TomanKt.TomanTextField-Y9L9Kg4$default' type=kotlin.Unit origin=EQ
          CALL 'public final fun <get-current> (): T of androidx.compose.runtime.CompositionLocal [inline] declared in androidx.compose.runtime.CompositionLocal' type=androidx.compose.ui.text.TextStyle origin=GET_PROPERTY
            $this: TYPE_OP type=androidx.compose.runtime.CompositionLocal<T of androidx.compose.runtime.CompositionLocal> origin=IMPLICIT_CAST typeOperand=androidx.compose.runtime.CompositionLocal<T of androidx.compose.runtime.CompositionLocal>
              CALL 'public final fun <get-LocalTextStyle> (): androidx.compose.runtime.ProvidableCompositionLocal<androidx.compose.ui.text.TextStyle> declared in androidx.compose.material3.TextKt' type=androidx.compose.runtime.ProvidableCompositionLocal<androidx.compose.ui.text.TextStyle> origin=GET_PROPERTY
    WHEN type=kotlin.Unit origin=null
      BRANCH
        if: CALL 'public final fun not (): kotlin.Boolean [operator] declared in kotlin.Boolean' type=kotlin.Boolean origin=EXCLEQ
          $this: CALL 'public final fun EQEQ (arg0: kotlin.Any?, arg1: kotlin.Any?): kotlin.Boolean declared in kotlin.internal.ir' type=kotlin.Boolean origin=EXCLEQ
            arg0: CALL 'public final fun and (other: kotlin.Int): kotlin.Int [infix] declared in kotlin.Int' type=kotlin.Int origin=null
              $this: GET_VAR '$mask1: kotlin.Int declared in ir.ahad.toman.TomanKt.TomanTextField-Y9L9Kg4$default' type=kotlin.Int origin=null
              other: CONST Int type=kotlin.Int value=128
            arg1: CONST Int type=kotlin.Int value=0
        then: SET_VAR 'columnModifier: androidx.compose.ui.Modifier? [assignable] declared in ir.ahad.toman.TomanKt.TomanTextField-Y9L9Kg4$default' type=kotlin.Unit origin=EQ
          GET_FIELD 'FIELD FIELD_FOR_OBJECT_INSTANCE name:Companion type:androidx.compose.ui.Modifier.Companion visibility:public [final,static]' type=androidx.compose.ui.Modifier.Companion origin=null
    WHEN type=kotlin.Unit origin=null
      BRANCH
        if: CALL 'public final fun not (): kotlin.Boolean [operator] declared in kotlin.Boolean' type=kotlin.Boolean origin=EXCLEQ
          $this: CALL 'public final fun EQEQ (arg0: kotlin.Any?, arg1: kotlin.Any?): kotlin.Boolean declared in kotlin.internal.ir' type=kotlin.Boolean origin=EXCLEQ
            arg0: CALL 'public final fun and (other: kotlin.Int): kotlin.Int [infix] declared in kotlin.Int' type=kotlin.Int origin=null
              $this: GET_VAR '$mask1: kotlin.Int declared in ir.ahad.toman.TomanKt.TomanTextField-Y9L9Kg4$default' type=kotlin.Int origin=null
              other: CONST Int type=kotlin.Int value=256
            arg1: CONST Int type=kotlin.Int value=0
        then: SET_VAR 'columnRootVerticalArrangement: androidx.compose.foundation.layout.Arrangement.Vertical? [assignable] declared in ir.ahad.toman.TomanKt.TomanTextField-Y9L9Kg4$default' type=kotlin.Unit origin=EQ
          CALL 'public final fun <get-Top> (): androidx.compose.foundation.layout.Arrangement.Vertical declared in androidx.compose.foundation.layout.Arrangement' type=androidx.compose.foundation.layout.Arrangement.Vertical origin=GET_PROPERTY
            $this: GET_FIELD 'FIELD FIELD_FOR_OBJECT_INSTANCE name:INSTANCE type:androidx.compose.foundation.layout.Arrangement visibility:public [final,static]' type=androidx.compose.foundation.layout.Arrangement origin=null
    WHEN type=kotlin.Unit origin=null
      BRANCH
        if: CALL 'public final fun not (): kotlin.Boolean [operator] declared in kotlin.Boolean' type=kotlin.Boolean origin=EXCLEQ
          $this: CALL 'public final fun EQEQ (arg0: kotlin.Any?, arg1: kotlin.Any?): kotlin.Boolean declared in kotlin.internal.ir' type=kotlin.Boolean origin=EXCLEQ
            arg0: CALL 'public final fun and (other: kotlin.Int): kotlin.Int [infix] declared in kotlin.Int' type=kotlin.Int origin=null
              $this: GET_VAR '$mask1: kotlin.Int declared in ir.ahad.toman.TomanKt.TomanTextField-Y9L9Kg4$default' type=kotlin.Int origin=null
              other: CONST Int type=kotlin.Int value=512
            arg1: CONST Int type=kotlin.Int value=0
        then: SET_VAR 'columnHorizontalAlignment: androidx.compose.ui.Alignment.Horizontal? [assignable] declared in ir.ahad.toman.TomanKt.TomanTextField-Y9L9Kg4$default' type=kotlin.Unit origin=EQ
          CALL 'public final fun <get-Start> (): androidx.compose.ui.Alignment.Horizontal declared in androidx.compose.ui.Alignment.Companion' type=androidx.compose.ui.Alignment.Horizontal origin=GET_PROPERTY
            $this: GET_FIELD 'FIELD FIELD_FOR_OBJECT_INSTANCE name:Companion type:androidx.compose.ui.Alignment.Companion visibility:public [final,static]' type=androidx.compose.ui.Alignment.Companion origin=null
    WHEN type=kotlin.Unit origin=null
      BRANCH
        if: CALL 'public final fun not (): kotlin.Boolean [operator] declared in kotlin.Boolean' type=kotlin.Boolean origin=EXCLEQ
          $this: CALL 'public final fun EQEQ (arg0: kotlin.Any?, arg1: kotlin.Any?): kotlin.Boolean declared in kotlin.internal.ir' type=kotlin.Boolean origin=EXCLEQ
            arg0: CALL 'public final fun and (other: kotlin.Int): kotlin.Int [infix] declared in kotlin.Int' type=kotlin.Int origin=null
              $this: GET_VAR '$mask1: kotlin.Int declared in ir.ahad.toman.TomanKt.TomanTextField-Y9L9Kg4$default' type=kotlin.Int origin=null
              other: CONST Int type=kotlin.Int value=1024
            arg1: CONST Int type=kotlin.Int value=0
        then: SET_VAR 'showTextOnlyOnFocus: kotlin.Boolean [assignable] declared in ir.ahad.toman.TomanKt.TomanTextField-Y9L9Kg4$default' type=kotlin.Unit origin=EQ
          CONST Boolean type=kotlin.Boolean value=false
    RETURN type=kotlin.Nothing from='public final fun TomanTextField-Y9L9Kg4$default (value: kotlin.String, onValueChange: kotlin.Function1<kotlin.String, kotlin.Unit>, modifier: androidx.compose.ui.Modifier?, enabled: kotlin.Boolean, readOnly: kotlin.Boolean, textStyle: androidx.compose.ui.text.TextStyle?, label: @[Composable] kotlin.Function0<kotlin.Unit>?, placeholder: @[Composable] kotlin.Function0<kotlin.Unit>?, leadingIcon: @[Composable] kotlin.Function0<kotlin.Unit>?, trailingIcon: @[Composable] kotlin.Function0<kotlin.Unit>?, prefix: @[Composable] kotlin.Function0<kotlin.Unit>?, suffix: @[Composable] kotlin.Function0<kotlin.Unit>?, supportingText: @[Composable] kotlin.Function0<kotlin.Unit>?, isError: kotlin.Boolean, visualTransformation: androidx.compose.ui.text.input.VisualTransformation?, keyboardOptions: androidx.compose.foundation.text.KeyboardOptions?, keyboardActions: androidx.compose.foundation.text.KeyboardActions?, singleLine: kotlin.Boolean, maxLines: kotlin.Int, minLines: kotlin.Int, interactionSource: androidx.compose.foundation.interaction.MutableInteractionSource?, shape: androidx.compose.ui.graphics.Shape?, colors: androidx.compose.material3.TextFieldColors?, textModifier: androidx.compose.ui.Modifier?, textColor: androidx.compose.ui.graphics.Color, textFontSize: androidx.compose.ui.unit.TextUnit, textFontStyle: androidx.compose.ui.text.font.FontStyle?, textFontWeight: androidx.compose.ui.text.font.FontWeight?, textFontFamily: androidx.compose.ui.text.font.FontFamily?, textLetterSpacing: androidx.compose.ui.unit.TextUnit, textTextDecoration: androidx.compose.ui.text.style.TextDecoration?, textTextAlign: androidx.compose.ui.text.style.TextAlign?, textLineHeight: androidx.compose.ui.unit.TextUnit, textOverflow: androidx.compose.ui.text.style.TextOverflow, textSoftWrap: kotlin.Boolean, textMaxLines: kotlin.Int, textMinLines: kotlin.Int, textOnTextLayout: kotlin.Function1<androidx.compose.ui.text.TextLayoutResult, kotlin.Unit>?, textTextStyle: androidx.compose.ui.text.TextStyle?, columnModifier: androidx.compose.ui.Modifier?, columnRootVerticalArrangement: androidx.compose.foundation.layout.Arrangement.Vertical?, columnHorizontalAlignment: androidx.compose.ui.Alignment.Horizontal?, showTextOnlyOnFocus: kotlin.Boolean, $mask0: kotlin.Int, $mask1: kotlin.Int, $handler: kotlin.Any?): kotlin.Unit declared in ir.ahad.toman.TomanKt'
      CALL 'public final fun TomanTextField-Y9L9Kg4 (value: kotlin.String, onValueChange: kotlin.Function1<kotlin.String, kotlin.Unit>, modifier: androidx.compose.ui.Modifier, enabled: kotlin.Boolean, readOnly: kotlin.Boolean, textStyle: androidx.compose.ui.text.TextStyle, label: @[Composable] kotlin.Function0<kotlin.Unit>?, placeholder: @[Composable] kotlin.Function0<kotlin.Unit>?, leadingIcon: @[Composable] kotlin.Function0<kotlin.Unit>?, trailingIcon: @[Composable] kotlin.Function0<kotlin.Unit>?, prefix: @[Composable] kotlin.Function0<kotlin.Unit>?, suffix: @[Composable] kotlin.Function0<kotlin.Unit>?, supportingText: @[Composable] kotlin.Function0<kotlin.Unit>?, isError: kotlin.Boolean, visualTransformation: androidx.compose.ui.text.input.VisualTransformation, keyboardOptions: androidx.compose.foundation.text.KeyboardOptions, keyboardActions: androidx.compose.foundation.text.KeyboardActions, singleLine: kotlin.Boolean, maxLines: kotlin.Int, minLines: kotlin.Int, interactionSource: androidx.compose.foundation.interaction.MutableInteractionSource, shape: androidx.compose.ui.graphics.Shape, colors: androidx.compose.material3.TextFieldColors, textModifier: androidx.compose.ui.Modifier, textColor: androidx.compose.ui.graphics.Color, textFontSize: androidx.compose.ui.unit.TextUnit, textFontStyle: androidx.compose.ui.text.font.FontStyle?, textFontWeight: androidx.compose.ui.text.font.FontWeight?, textFontFamily: androidx.compose.ui.text.font.FontFamily?, textLetterSpacing: androidx.compose.ui.unit.TextUnit, textTextDecoration: androidx.compose.ui.text.style.TextDecoration?, textTextAlign: androidx.compose.ui.text.style.TextAlign?, textLineHeight: androidx.compose.ui.unit.TextUnit, textOverflow: androidx.compose.ui.text.style.TextOverflow, textSoftWrap: kotlin.Boolean, textMaxLines: kotlin.Int, textMinLines: kotlin.Int, textOnTextLayout: kotlin.Function1<androidx.compose.ui.text.TextLayoutResult, kotlin.Unit>?, textTextStyle: androidx.compose.ui.text.TextStyle, columnModifier: androidx.compose.ui.Modifier, columnRootVerticalArrangement: androidx.compose.foundation.layout.Arrangement.Vertical, columnHorizontalAlignment: androidx.compose.ui.Alignment.Horizontal, showTextOnlyOnFocus: kotlin.Boolean): kotlin.Unit declared in ir.ahad.toman.TomanKt' type=kotlin.Unit origin=DEFAULT_STUB_CALL_TO_IMPLEMENTATION
        value: GET_VAR 'value: kotlin.String declared in ir.ahad.toman.TomanKt.TomanTextField-Y9L9Kg4$default' type=kotlin.String origin=null
        onValueChange: GET_VAR 'onValueChange: kotlin.Function1<kotlin.String, kotlin.Unit> declared in ir.ahad.toman.TomanKt.TomanTextField-Y9L9Kg4$default' type=kotlin.Function1<kotlin.String, kotlin.Unit> origin=null
        modifier: TYPE_OP type=androidx.compose.ui.Modifier origin=IMPLICIT_CAST typeOperand=androidx.compose.ui.Modifier
          GET_VAR 'modifier: androidx.compose.ui.Modifier? [assignable] declared in ir.ahad.toman.TomanKt.TomanTextField-Y9L9Kg4$default' type=androidx.compose.ui.Modifier? origin=null
        enabled: GET_VAR 'enabled: kotlin.Boolean [assignable] declared in ir.ahad.toman.TomanKt.TomanTextField-Y9L9Kg4$default' type=kotlin.Boolean origin=null
        readOnly: GET_VAR 'readOnly: kotlin.Boolean [assignable] declared in ir.ahad.toman.TomanKt.TomanTextField-Y9L9Kg4$default' type=kotlin.Boolean origin=null
        textStyle: TYPE_OP type=androidx.compose.ui.text.TextStyle origin=IMPLICIT_CAST typeOperand=androidx.compose.ui.text.TextStyle
          GET_VAR 'textStyle: androidx.compose.ui.text.TextStyle? [assignable] declared in ir.ahad.toman.TomanKt.TomanTextField-Y9L9Kg4$default' type=androidx.compose.ui.text.TextStyle? origin=null
        label: GET_VAR 'label: @[Composable] kotlin.Function0<kotlin.Unit>? [assignable] declared in ir.ahad.toman.TomanKt.TomanTextField-Y9L9Kg4$default' type=@[Composable] kotlin.Function0<kotlin.Unit>? origin=null
        placeholder: GET_VAR 'placeholder: @[Composable] kotlin.Function0<kotlin.Unit>? [assignable] declared in ir.ahad.toman.TomanKt.TomanTextField-Y9L9Kg4$default' type=@[Composable] kotlin.Function0<kotlin.Unit>? origin=null
        leadingIcon: GET_VAR 'leadingIcon: @[Composable] kotlin.Function0<kotlin.Unit>? [assignable] declared in ir.ahad.toman.TomanKt.TomanTextField-Y9L9Kg4$default' type=@[Composable] kotlin.Function0<kotlin.Unit>? origin=null
        trailingIcon: GET_VAR 'trailingIcon: @[Composable] kotlin.Function0<kotlin.Unit>? [assignable] declared in ir.ahad.toman.TomanKt.TomanTextField-Y9L9Kg4$default' type=@[Composable] kotlin.Function0<kotlin.Unit>? origin=null
        prefix: GET_VAR 'prefix: @[Composable] kotlin.Function0<kotlin.Unit>? [assignable] declared in ir.ahad.toman.TomanKt.TomanTextField-Y9L9Kg4$default' type=@[Composable] kotlin.Function0<kotlin.Unit>? origin=null
        suffix: GET_VAR 'suffix: @[Composable] kotlin.Function0<kotlin.Unit>? [assignable] declared in ir.ahad.toman.TomanKt.TomanTextField-Y9L9Kg4$default' type=@[Composable] kotlin.Function0<kotlin.Unit>? origin=null
        supportingText: GET_VAR 'supportingText: @[Composable] kotlin.Function0<kotlin.Unit>? [assignable] declared in ir.ahad.toman.TomanKt.TomanTextField-Y9L9Kg4$default' type=@[Composable] kotlin.Function0<kotlin.Unit>? origin=null
        isError: GET_VAR 'isError: kotlin.Boolean [assignable] declared in ir.ahad.toman.TomanKt.TomanTextField-Y9L9Kg4$default' type=kotlin.Boolean origin=null
        visualTransformation: TYPE_OP type=androidx.compose.ui.text.input.VisualTransformation origin=IMPLICIT_CAST typeOperand=androidx.compose.ui.text.input.VisualTransformation
          GET_VAR 'visualTransformation: androidx.compose.ui.text.input.VisualTransformation? [assignable] declared in ir.ahad.toman.TomanKt.TomanTextField-Y9L9Kg4$default' type=androidx.compose.ui.text.input.VisualTransformation? origin=null
        keyboardOptions: TYPE_OP type=androidx.compose.foundation.text.KeyboardOptions origin=IMPLICIT_CAST typeOperand=androidx.compose.foundation.text.KeyboardOptions
          GET_VAR 'keyboardOptions: androidx.compose.foundation.text.KeyboardOptions? [assignable] declared in ir.ahad.toman.TomanKt.TomanTextField-Y9L9Kg4$default' type=androidx.compose.foundation.text.KeyboardOptions? origin=null
        keyboardActions: TYPE_OP type=androidx.compose.foundation.text.KeyboardActions origin=IMPLICIT_CAST typeOperand=androidx.compose.foundation.text.KeyboardActions
          GET_VAR 'keyboardActions: androidx.compose.foundation.text.KeyboardActions? [assignable] declared in ir.ahad.toman.TomanKt.TomanTextField-Y9L9Kg4$default' type=androidx.compose.foundation.text.KeyboardActions? origin=null
        singleLine: GET_VAR 'singleLine: kotlin.Boolean [assignable] declared in ir.ahad.toman.TomanKt.TomanTextField-Y9L9Kg4$default' type=kotlin.Boolean origin=null
        maxLines: GET_VAR 'maxLines: kotlin.Int [assignable] declared in ir.ahad.toman.TomanKt.TomanTextField-Y9L9Kg4$default' type=kotlin.Int origin=null
        minLines: GET_VAR 'minLines: kotlin.Int [assignable] declared in ir.ahad.toman.TomanKt.TomanTextField-Y9L9Kg4$default' type=kotlin.Int origin=null
        interactionSource: TYPE_OP type=androidx.compose.foundation.interaction.MutableInteractionSource origin=IMPLICIT_CAST typeOperand=androidx.compose.foundation.interaction.MutableInteractionSource
          GET_VAR 'interactionSource: androidx.compose.foundation.interaction.MutableInteractionSource? [assignable] declared in ir.ahad.toman.TomanKt.TomanTextField-Y9L9Kg4$default' type=androidx.compose.foundation.interaction.MutableInteractionSource? origin=null
        shape: TYPE_OP type=androidx.compose.ui.graphics.Shape origin=IMPLICIT_CAST typeOperand=androidx.compose.ui.graphics.Shape
          GET_VAR 'shape: androidx.compose.ui.graphics.Shape? [assignable] declared in ir.ahad.toman.TomanKt.TomanTextField-Y9L9Kg4$default' type=androidx.compose.ui.graphics.Shape? origin=null
        colors: TYPE_OP type=androidx.compose.material3.TextFieldColors origin=IMPLICIT_CAST typeOperand=androidx.compose.material3.TextFieldColors
          GET_VAR 'colors: androidx.compose.material3.TextFieldColors? [assignable] declared in ir.ahad.toman.TomanKt.TomanTextField-Y9L9Kg4$default' type=androidx.compose.material3.TextFieldColors? origin=null
        textModifier: TYPE_OP type=androidx.compose.ui.Modifier origin=IMPLICIT_CAST typeOperand=androidx.compose.ui.Modifier
          GET_VAR 'textModifier: androidx.compose.ui.Modifier? [assignable] declared in ir.ahad.toman.TomanKt.TomanTextField-Y9L9Kg4$default' type=androidx.compose.ui.Modifier? origin=null
        textColor: GET_VAR 'textColor: androidx.compose.ui.graphics.Color [assignable] declared in ir.ahad.toman.TomanKt.TomanTextField-Y9L9Kg4$default' type=androidx.compose.ui.graphics.Color origin=null
        textFontSize: GET_VAR 'textFontSize: androidx.compose.ui.unit.TextUnit [assignable] declared in ir.ahad.toman.TomanKt.TomanTextField-Y9L9Kg4$default' type=androidx.compose.ui.unit.TextUnit origin=null
        textFontStyle: GET_VAR 'textFontStyle: androidx.compose.ui.text.font.FontStyle? [assignable] declared in ir.ahad.toman.TomanKt.TomanTextField-Y9L9Kg4$default' type=androidx.compose.ui.text.font.FontStyle? origin=null
        textFontWeight: GET_VAR 'textFontWeight: androidx.compose.ui.text.font.FontWeight? [assignable] declared in ir.ahad.toman.TomanKt.TomanTextField-Y9L9Kg4$default' type=androidx.compose.ui.text.font.FontWeight? origin=null
        textFontFamily: GET_VAR 'textFontFamily: androidx.compose.ui.text.font.FontFamily? [assignable] declared in ir.ahad.toman.TomanKt.TomanTextField-Y9L9Kg4$default' type=androidx.compose.ui.text.font.FontFamily? origin=null
        textLetterSpacing: GET_VAR 'textLetterSpacing: androidx.compose.ui.unit.TextUnit [assignable] declared in ir.ahad.toman.TomanKt.TomanTextField-Y9L9Kg4$default' type=androidx.compose.ui.unit.TextUnit origin=null
        textTextDecoration: GET_VAR 'textTextDecoration: androidx.compose.ui.text.style.TextDecoration? [assignable] declared in ir.ahad.toman.TomanKt.TomanTextField-Y9L9Kg4$default' type=androidx.compose.ui.text.style.TextDecoration? origin=null
        textTextAlign: GET_VAR 'textTextAlign: androidx.compose.ui.text.style.TextAlign? [assignable] declared in ir.ahad.toman.TomanKt.TomanTextField-Y9L9Kg4$default' type=androidx.compose.ui.text.style.TextAlign? origin=null
        textLineHeight: GET_VAR 'textLineHeight: androidx.compose.ui.unit.TextUnit [assignable] declared in ir.ahad.toman.TomanKt.TomanTextField-Y9L9Kg4$default' type=androidx.compose.ui.unit.TextUnit origin=null
        textOverflow: GET_VAR 'textOverflow: androidx.compose.ui.text.style.TextOverflow [assignable] declared in ir.ahad.toman.TomanKt.TomanTextField-Y9L9Kg4$default' type=androidx.compose.ui.text.style.TextOverflow origin=null
        textSoftWrap: GET_VAR 'textSoftWrap: kotlin.Boolean [assignable] declared in ir.ahad.toman.TomanKt.TomanTextField-Y9L9Kg4$default' type=kotlin.Boolean origin=null
        textMaxLines: GET_VAR 'textMaxLines: kotlin.Int [assignable] declared in ir.ahad.toman.TomanKt.TomanTextField-Y9L9Kg4$default' type=kotlin.Int origin=null
        textMinLines: GET_VAR 'textMinLines: kotlin.Int [assignable] declared in ir.ahad.toman.TomanKt.TomanTextField-Y9L9Kg4$default' type=kotlin.Int origin=null
        textOnTextLayout: GET_VAR 'textOnTextLayout: kotlin.Function1<androidx.compose.ui.text.TextLayoutResult, kotlin.Unit>? [assignable] declared in ir.ahad.toman.TomanKt.TomanTextField-Y9L9Kg4$default' type=kotlin.Function1<androidx.compose.ui.text.TextLayoutResult, kotlin.Unit>? origin=null
        textTextStyle: TYPE_OP type=androidx.compose.ui.text.TextStyle origin=IMPLICIT_CAST typeOperand=androidx.compose.ui.text.TextStyle
          GET_VAR 'textTextStyle: androidx.compose.ui.text.TextStyle? [assignable] declared in ir.ahad.toman.TomanKt.TomanTextField-Y9L9Kg4$default' type=androidx.compose.ui.text.TextStyle? origin=null
        columnModifier: TYPE_OP type=androidx.compose.ui.Modifier origin=IMPLICIT_CAST typeOperand=androidx.compose.ui.Modifier
          GET_VAR 'columnModifier: androidx.compose.ui.Modifier? [assignable] declared in ir.ahad.toman.TomanKt.TomanTextField-Y9L9Kg4$default' type=androidx.compose.ui.Modifier? origin=null
        columnRootVerticalArrangement: TYPE_OP type=androidx.compose.foundation.layout.Arrangement.Vertical origin=IMPLICIT_CAST typeOperand=androidx.compose.foundation.layout.Arrangement.Vertical
          GET_VAR 'columnRootVerticalArrangement: androidx.compose.foundation.layout.Arrangement.Vertical? [assignable] declared in ir.ahad.toman.TomanKt.TomanTextField-Y9L9Kg4$default' type=androidx.compose.foundation.layout.Arrangement.Vertical? origin=null
        columnHorizontalAlignment: TYPE_OP type=androidx.compose.ui.Alignment.Horizontal origin=IMPLICIT_CAST typeOperand=androidx.compose.ui.Alignment.Horizontal
          GET_VAR 'columnHorizontalAlignment: androidx.compose.ui.Alignment.Horizontal? [assignable] declared in ir.ahad.toman.TomanKt.TomanTextField-Y9L9Kg4$default' type=androidx.compose.ui.Alignment.Horizontal? origin=null
        showTextOnlyOnFocus: GET_VAR 'showTextOnlyOnFocus: kotlin.Boolean [assignable] declared in ir.ahad.toman.TomanKt.TomanTextField-Y9L9Kg4$default' type=kotlin.Boolean origin=null

	at org.jetbrains.kotlin.backend.jvm.codegen.FunctionCodegen.generate(FunctionCodegen.kt:50)
	at org.jetbrains.kotlin.backend.jvm.codegen.FunctionCodegen.generate$default(FunctionCodegen.kt:42)
	at org.jetbrains.kotlin.backend.jvm.codegen.ClassCodegen.generateMethodNode(ClassCodegen.kt:385)
	at org.jetbrains.kotlin.backend.jvm.codegen.ClassCodegen.generateMethod(ClassCodegen.kt:402)
	at org.jetbrains.kotlin.backend.jvm.codegen.ClassCodegen.generate(ClassCodegen.kt:169)
	at org.jetbrains.kotlin.backend.jvm.FileCodegen.lower(JvmPhases.kt:41)
	at org.jetbrains.kotlin.backend.common.phaser.PhaseBuildersKt.makeIrFilePhase$lambda$5(PhaseBuilders.kt:114)
	at org.jetbrains.kotlin.backend.common.phaser.PhaseBuildersKt$createSimpleNamedCompilerPhase$1.phaseBody(PhaseBuilders.kt:71)
	at org.jetbrains.kotlin.backend.common.phaser.SimpleNamedCompilerPhase.phaseBody(CompilerPhase.kt:226)
	at org.jetbrains.kotlin.backend.common.phaser.AbstractNamedCompilerPhase.invoke(CompilerPhase.kt:113)
	at org.jetbrains.kotlin.backend.common.phaser.PerformByIrFilePhase.invokeSequential(performByIrFile.kt:62)
	... 43 more
Caused by: org.jetbrains.kotlin.codegen.CompilationException: Back-end (JVM) Internal error: Couldn't inline method call: CALL 'public final fun <get-current> (): T of androidx.compose.runtime.CompositionLocal [inline] declared in androidx.compose.runtime.CompositionLocal' type=androidx.compose.ui.text.TextStyle origin=GET_PROPERTY
Method: null
File is unknown
The root cause java.lang.IllegalStateException was thrown at: org.jetbrains.kotlin.codegen.inline.SourceCompilerForInlineKt.getMethodNode(SourceCompilerForInline.kt:118)
	at org.jetbrains.kotlin.codegen.inline.InlineCodegen.performInline(InlineCodegen.kt:65)
	at org.jetbrains.kotlin.backend.jvm.codegen.IrInlineCodegen.genInlineCall(IrInlineCodegen.kt:162)
	at org.jetbrains.kotlin.backend.jvm.codegen.IrInlineCallGenerator.genCall(IrInlineCallGenerator.kt:36)
	at org.jetbrains.kotlin.backend.jvm.codegen.ExpressionCodegen.visitCall(ExpressionCodegen.kt:647)
	at org.jetbrains.kotlin.backend.jvm.codegen.ExpressionCodegen.visitCall(ExpressionCodegen.kt:137)
	at org.jetbrains.kotlin.ir.expressions.IrCall.accept(IrCall.kt:24)
	at org.jetbrains.kotlin.backend.jvm.codegen.ExpressionCodegen.visitSetValue(ExpressionCodegen.kt:929)
	at org.jetbrains.kotlin.backend.jvm.codegen.ExpressionCodegen.visitSetValue(ExpressionCodegen.kt:137)
	at org.jetbrains.kotlin.ir.expressions.IrSetValue.accept(IrSetValue.kt:21)
	at org.jetbrains.kotlin.backend.jvm.codegen.ExpressionCodegen.visitWhen(ExpressionCodegen.kt:1095)
	at org.jetbrains.kotlin.backend.jvm.codegen.ExpressionCodegen.visitWhen(ExpressionCodegen.kt:137)
	at org.jetbrains.kotlin.ir.expressions.IrWhen.accept(IrWhen.kt:24)
	at org.jetbrains.kotlin.backend.jvm.codegen.ExpressionCodegen.visitStatementContainer(ExpressionCodegen.kt:573)
	at org.jetbrains.kotlin.backend.jvm.codegen.ExpressionCodegen.visitBlockBody(ExpressionCodegen.kt:578)
	at org.jetbrains.kotlin.backend.jvm.codegen.ExpressionCodegen.visitBlockBody(ExpressionCodegen.kt:137)
	at org.jetbrains.kotlin.ir.expressions.IrBlockBody.accept(IrBlockBody.kt:20)
	at org.jetbrains.kotlin.backend.jvm.codegen.ExpressionCodegen.generate(ExpressionCodegen.kt:239)
	at org.jetbrains.kotlin.backend.jvm.codegen.FunctionCodegen.doGenerate(FunctionCodegen.kt:121)
	at org.jetbrains.kotlin.backend.jvm.codegen.FunctionCodegen.generate(FunctionCodegen.kt:46)
	... 53 more
Caused by: java.lang.IllegalStateException: couldn't find inline method Landroidx/compose/runtime/CompositionLocal;.getCurrent()Ljava/lang/Object;
	at org.jetbrains.kotlin.codegen.inline.SourceCompilerForInlineKt.getMethodNode(SourceCompilerForInline.kt:118)
	at org.jetbrains.kotlin.codegen.inline.SourceCompilerForInlineKt.loadCompiledInlineFunction(SourceCompilerForInline.kt:96)
	at org.jetbrains.kotlin.backend.jvm.codegen.IrSourceCompilerForInline.compileInlineFunction(IrSourceCompilerForInline.kt:91)
	at org.jetbrains.kotlin.codegen.inline.InlineCodegen.compileInline(InlineCodegen.kt:43)
	at org.jetbrains.kotlin.codegen.inline.InlineCodegen.performInline(InlineCodegen.kt:51)
	... 71 more


